block 1
byte 1000
code 1500
byte 15D1
code 15D3
byte 16FD
code 1783
byte 1A34
code 1A60
byte 1B47
code 1B5C
byte 1B76
code 1BA0
byte 1C79
code 1CD0
byte 1CED
code 1F00
byte 1F19
code 2500
byte 253A
code 2556
byte 25BE
code 2800
byte 2A03
code 2A20
byte 2A59
code 2A60
byte 2ADB
code 2AE5
byte 2BEB
code 2C0B
byte 2C58
code 2C65
byte 2C9B
code 2CAB
byte 2CC9
code 2CD0
byte 2DEB
code 2E05
byte 2F3D
code 2FA0
byte 2FEF
code 2FFD
byte 3003
code 31F6
byte 340C
code 3500
dlst 3503
byte 3523
code 3681
byte 373B
code 374A
byte 384E
code 3923
byte 39B0
code 3A3C
byte 3B70
code 3BB7
byte 3BF3
code 3C26
byte 3CF0
code 3CF3
byte 3CFC
code 3D0C
byte 3DAB
code 3DB1
byte 3DE9
code 3E00
byte 3FD5
code 400C
byte 43E5
code 440E
byte 4517
code 451E
byte 45FF
code 460E
byte 46C0
code 46FD
byte 49B9
code 4A04
byte 4BF7
code 4CD7
byte 4DBE
code 4E4C
byte 4FBE

block 2
byte 4B00
code 4B01
byte 4BF7
code 4CD7
byte 4DBE
code 4E4B
byte 4FBE
code 5003
byte 5070
code 507F
byte 5240
code 5282
byte 5538
code 55A7
byte 56D0
code 5700
byte 57A0
code 57EC
byte 5B58
code 5BA0
byte 5BC4
code 5C71
byte 5DBE
code 5DE5
byte 5FB7
code 5FC0
byte 5FDE
code 6C4A
byte 6D72
code 8E00
byte 8EEA
code 8F11
byte 8FBD

block 3
word 02E0

label 31F4 LIVES








































