block 1
dlst B741
byte B75E

block 2
word 0

block 3

block 4
word 162C
code 1630
word 16F2
code 1700
byte 17D8
code 17F3
byte 18D9
code 18F3
byte 1917
code 1920
byte 198A
code 1A21
byte 1A98
code 1B00
byte 1BEF
code 1BFF
byte 1DB0
code 1DBF
word 1F10
code 1F12
byte 1FF0
code 2008
byte 204F
code 2063
byte 20AC
code 3300
byte 3565
code 3650
byte 3720
code 37D0
byte 37D6 ; dirty code
code 3AAA
byte 3ACC
code 3AD6
byte 3B0A
code 4000
byte 401C
code 4020
byte 405D
code 4065
byte 406E
code 4075
byte 40A3
code 40B5
byte 40CE
code 40E0
byte 4141
code 4143
byte 419B
code 4200
byte 42F9
code 4300
byte 4342
code 434A
byte 435F
code 4380
byte 45ED
code 47D0
byte 4963
code 4969
byte 4979
code 4980
dlst 49BC
byte 49DF
code 4A00
byte 4A6D
code 4AC0
byte 4B67
code 4B80
byte 4C2E
code 4C30
byte 4C51
code 4C5A
byte 4C7B
code 4C80
byte 4D7F
code 4DA0
byte 4EB2
code 4EC0
byte 4FD5
code 4FE0
byte 4FF2
code 5000
byte 52C1
code 52CA
byte 5418
code 5420
byte 5437
code 5440
byte 5641
code 5689
dlst 5709
byte 5729
code 572D
byte 5BF3
code 5C00
byte 5C31
code 5C40
byte 5DFE
code 5E2D
byte 5EBA
code 5F00
byte 5FE3
code 6000
byte 6068
code 6069
word 6083
code 6085
byte 633A
code 6360
byte 64E7
code 6500
byte 65DA
code 6640
byte 6791
code 67B8
byte 68FD
code 6900
byte 6A7B
code 6A80
byte 6AEE
code 6AF5
byte 6B67
code 6B6A
byte 6B71
code 6B80
byte 6BD0
code 6C00
byte 6C61
core 6C6D
byte 6C89
code 6CA0
byte 6D2E
code 6D3B
byte 6F51
code 77C0
byte 797D
code A000 ; looks like unused code
byte A040
code B200
byte B465
code B550
byte B620
code B6D0 ; looks like unused code



block 5
byte 0

block 6
word 0

block 7
word 0

label B700 START
label 0615 ENEMY_TYPE
label 06B2 STAGE_NO
label 06A0 ENEMY_X

label B200 BIGPLANE_CHECK2
label B205 BIGPLANE_ON2

label 5EBA ENEMY_TBLS1
label 5ECA ENEMY_TBLS2
label 5EDA ENEMY_TBLS3
label 5EEA ENEMY_TBLS4

label 5E92 ENEMY_SETS1
label 5E9D ENEMY_SETS2
label 5EA8 ENEMY_SETS3
label 5EB3 ENEMY_SETS4

rem 3305 intialize big plan
rem 3319 set big plane intial position
rem 3334 set quadruple size players
